
Memory Configuration

Name             Origin             Length             Attributes
FLASH            0x08000000         0x00008000         xr
SRAM             0x20000000         0x00002800         xrw
*default*        0x00000000         0xffffffff

Linker script and memory map


.text           0x08000000      0x384
 *(.vectors*)
 .vectors       0x08000000       0x10 Debug/startup.o
                0x08000000                g_p_fn_Vectors
 *(.text*)
 .text          0x08000010       0x34 Debug/main.o
                0x08000010                main
 .text          0x08000044       0x90 Debug/startup.o
                0x08000044                H_fault_Handler
                0x08000044                Default_Handler
                0x08000044                NMI_Handler
                0x08000050                Reset_Handler
 .text          0x080000d4       0xa4 Debug/alarmMintor.o
                0x080000d4                MTR_init
                0x080000f0                ST_alarmON
                0x0800011c                ST_alarmOFF
                0x08000138                ST_waiting
                0x0800015c                alarmAction
 .text          0x08000178       0xc4 Debug/driver.o
                0x08000178                Delay
                0x0800019a                getPressureVal
                0x080001b0                Set_Alarm_actuator
                0x080001ec                GPIO_INITIALIZATION
 .text          0x0800023c       0x9c Debug/main_algo.o
                0x0800023c                Main_Algo_init
                0x08000258                ST_sencePressure
                0x08000274                ST_alramActivation
                0x08000290                setPressureValToMain
 .text          0x080002d8       0xac Debug/read.o
                0x080002d8                init
                0x080002f4                ST_readWaiting
                0x08000318                ST_sensorReading
 *(.rodata)
                0x08000384                _E_text = .

.glue_7         0x08000384        0x0
 .glue_7        0x08000384        0x0 linker stubs

.glue_7t        0x08000384        0x0
 .glue_7t       0x08000384        0x0 linker stubs

.vfp11_veneer   0x08000384        0x0
 .vfp11_veneer  0x08000384        0x0 linker stubs

.v4_bx          0x08000384        0x0
 .v4_bx         0x08000384        0x0 linker stubs

.iplt           0x08000384        0x0
 .iplt          0x08000384        0x0 Debug/main.o

.rel.dyn        0x08000384        0x0
 .rel.iplt      0x08000384        0x0 Debug/main.o

.data           0x20000000        0xc load address 0x08000384
                0x20000000                _S_DATA = .
 *(.data)
 .data          0x20000000        0x0 Debug/main.o
 .data          0x20000000        0x0 Debug/startup.o
 .data          0x20000000        0x4 Debug/alarmMintor.o
                0x20000000                alarmPeriode
 .data          0x20000004        0x0 Debug/driver.o
 .data          0x20000004        0x4 Debug/main_algo.o
                0x20000004                threshlod
 .data          0x20000008        0x4 Debug/read.o
                0x20000008                readWaitingPeride
                0x2000000c                . = ALIGN (0x4)
                0x2000000c                _E_DATA = .

.igot.plt       0x2000000c        0x0 load address 0x08000390
 .igot.plt      0x2000000c        0x0 Debug/main.o

.bss            0x2000000c     0x1018 load address 0x08000390
                0x2000000c                _S_BSS = .
 *(.bss*)
 .bss           0x2000000c        0x0 Debug/main.o
 .bss           0x2000000c        0x0 Debug/startup.o
 .bss           0x2000000c        0x4 Debug/alarmMintor.o
                0x2000000c                alarmMtr
 .bss           0x20000010        0x0 Debug/driver.o
 .bss           0x20000010        0x8 Debug/main_algo.o
                0x20000010                pressureVal
                0x20000014                main_algo
 .bss           0x20000018        0xc Debug/read.o
                0x20000018                readVal
                0x2000001c                readPressureVal
                0x20000020                count
                0x20000024                _E_BSS = .
                0x20000024                . = ALIGN (0x4)
                0x20001024                . = (. + 0x1000)
 *fill*         0x20000024     0x1000 
                0x20001024                _stack_ptr = .
LOAD Debug/main.o
LOAD Debug/startup.o
LOAD Debug/alarmMintor.o
LOAD Debug/driver.o
LOAD Debug/main_algo.o
LOAD Debug/read.o
OUTPUT(Debug/project1.elf elf32-littlearm)
LOAD linker stubs

.debug_info     0x00000000      0x6f7
 .debug_info    0x00000000       0xcc Debug/main.o
 .debug_info    0x000000cc      0x1a3 Debug/startup.o
 .debug_info    0x0000026f      0x124 Debug/alarmMintor.o
 .debug_info    0x00000393      0x112 Debug/driver.o
 .debug_info    0x000004a5      0x134 Debug/main_algo.o
 .debug_info    0x000005d9      0x11e Debug/read.o

.debug_abbrev   0x00000000      0x429
 .debug_abbrev  0x00000000       0x6e Debug/main.o
 .debug_abbrev  0x0000006e       0xdf Debug/startup.o
 .debug_abbrev  0x0000014d       0xa4 Debug/alarmMintor.o
 .debug_abbrev  0x000001f1       0xc3 Debug/driver.o
 .debug_abbrev  0x000002b4       0xd1 Debug/main_algo.o
 .debug_abbrev  0x00000385       0xa4 Debug/read.o

.debug_loc      0x00000000      0x4d0
 .debug_loc     0x00000000       0x2c Debug/main.o
 .debug_loc     0x0000002c       0x7c Debug/startup.o
 .debug_loc     0x000000a8      0x124 Debug/alarmMintor.o
 .debug_loc     0x000001cc      0x140 Debug/driver.o
 .debug_loc     0x0000030c      0x110 Debug/main_algo.o
 .debug_loc     0x0000041c       0xb4 Debug/read.o

.debug_aranges  0x00000000       0xc0
 .debug_aranges
                0x00000000       0x20 Debug/main.o
 .debug_aranges
                0x00000020       0x20 Debug/startup.o
 .debug_aranges
                0x00000040       0x20 Debug/alarmMintor.o
 .debug_aranges
                0x00000060       0x20 Debug/driver.o
 .debug_aranges
                0x00000080       0x20 Debug/main_algo.o
 .debug_aranges
                0x000000a0       0x20 Debug/read.o

.debug_line     0x00000000      0x43f
 .debug_line    0x00000000       0x82 Debug/main.o
 .debug_line    0x00000082       0xbd Debug/startup.o
 .debug_line    0x0000013f       0x8e Debug/alarmMintor.o
 .debug_line    0x000001cd      0x153 Debug/driver.o
 .debug_line    0x00000320       0x91 Debug/main_algo.o
 .debug_line    0x000003b1       0x8e Debug/read.o

.debug_str      0x00000000      0x31d
 .debug_str     0x00000000      0x124 Debug/main.o
                                0x15d (size before relaxing)
 .debug_str     0x00000124       0x87 Debug/startup.o
                                0x1bd (size before relaxing)
 .debug_str     0x000001ab       0x56 Debug/alarmMintor.o
                                0x195 (size before relaxing)
 .debug_str     0x00000201       0x5b Debug/driver.o
                                0x19a (size before relaxing)
 .debug_str     0x0000025c       0x6e Debug/main_algo.o
                                0x1ae (size before relaxing)
 .debug_str     0x000002ca       0x53 Debug/read.o
                                0x196 (size before relaxing)

.comment        0x00000000       0x49
 .comment       0x00000000       0x49 Debug/main.o
                                 0x4a (size before relaxing)
 .comment       0x00000049       0x4a Debug/startup.o
 .comment       0x00000049       0x4a Debug/alarmMintor.o
 .comment       0x00000049       0x4a Debug/driver.o
 .comment       0x00000049       0x4a Debug/main_algo.o
 .comment       0x00000049       0x4a Debug/read.o

.ARM.attributes
                0x00000000       0x2d
 .ARM.attributes
                0x00000000       0x2d Debug/main.o
 .ARM.attributes
                0x0000002d       0x2d Debug/startup.o
 .ARM.attributes
                0x0000005a       0x2d Debug/alarmMintor.o
 .ARM.attributes
                0x00000087       0x2d Debug/driver.o
 .ARM.attributes
                0x000000b4       0x2d Debug/main_algo.o
 .ARM.attributes
                0x000000e1       0x2d Debug/read.o

.debug_frame    0x00000000      0x2c4
 .debug_frame   0x00000000       0x2c Debug/main.o
 .debug_frame   0x0000002c       0x50 Debug/startup.o
 .debug_frame   0x0000007c       0xa8 Debug/alarmMintor.o
 .debug_frame   0x00000124       0xa0 Debug/driver.o
 .debug_frame   0x000001c4       0x94 Debug/main_algo.o
 .debug_frame   0x00000258       0x6c Debug/read.o
