
Memory Configuration

Name             Origin             Length             Attributes
flash            0x08000000         0x00020000         xr
sram             0x20000000         0x00005000         xrw
*default*        0x00000000         0xffffffff

Linker script and memory map


.text           0x08000000      0x12b
 *(.vectors*)
 .vectors       0x08000000       0x1c startup.o
                0x08000000                vectors
 *(.text*)
 .text          0x0800001c       0x90 startup.o
                0x0800001c                Bus_fault
                0x0800001c                MM_fault_Handler
                0x0800001c                Usage_fault_Handler
                0x0800001c                H_fault_Handler
                0x0800001c                Default_Handler
                0x0800001c                NMI_Handler
                0x08000028                Reset_Handler
 .text          0x080000ac       0x7c Toogle_Led_Stm32f103CX.o
                0x080000ac                main
 *(.rodata)
 .rodata        0x08000128        0x3 Toogle_Led_Stm32f103CX.o
                0x08000128                const_variables
                0x0800012b                _E_text = .

.glue_7         0x0800012c        0x0
 .glue_7        0x0800012c        0x0 linker stubs

.glue_7t        0x0800012c        0x0
 .glue_7t       0x0800012c        0x0 linker stubs

.vfp11_veneer   0x0800012c        0x0
 .vfp11_veneer  0x0800012c        0x0 linker stubs

.v4_bx          0x0800012c        0x0
 .v4_bx         0x0800012c        0x0 linker stubs

.iplt           0x0800012c        0x0
 .iplt          0x0800012c        0x0 startup.o

.rel.dyn        0x0800012c        0x0
 .rel.iplt      0x0800012c        0x0 startup.o

.data           0x20000000        0x8 load address 0x0800012b
                0x20000000                _S_DATA = .
 *(.data)
 .data          0x20000000        0x0 startup.o
 .data          0x20000000        0x7 Toogle_Led_Stm32f103CX.o
                0x20000000                R_ODR
                0x20000004                g_variables
                0x20000008                . = ALIGN (0x4)
 *fill*         0x20000007        0x1 
                0x20000008                _E_DATA = .

.igot.plt       0x20000008        0x0 load address 0x08000133
 .igot.plt      0x20000008        0x0 startup.o

.bss            0x20000008     0x1004 load address 0x08000133
                0x20000008                _S_bss = .
 *(.bss*)
 .bss           0x20000008        0x0 startup.o
 .bss           0x20000008        0x3 Toogle_Led_Stm32f103CX.o
                0x20000008                bss_var
                0x2000000b                _E_bss = .
                0x2000000c                . = ALIGN (0x4)
 *fill*         0x2000000b        0x1 
                0x2000100c                . = (. + 0x1000)
 *fill*         0x2000000c     0x1000 
                0x2000100c                _stack_top = .
LOAD startup.o
LOAD Toogle_Led_Stm32f103CX.o
OUTPUT(learn-in-depth-cortex-m3.elf elf32-littlearm)
LOAD linker stubs

.debug_info     0x00000000      0x374
 .debug_info    0x00000000      0x1ae startup.o
 .debug_info    0x000001ae      0x1c6 Toogle_Led_Stm32f103CX.o

.debug_abbrev   0x00000000      0x1e9
 .debug_abbrev  0x00000000       0xe2 startup.o
 .debug_abbrev  0x000000e2      0x107 Toogle_Led_Stm32f103CX.o

.debug_loc      0x00000000       0xb4
 .debug_loc     0x00000000       0x7c startup.o
 .debug_loc     0x0000007c       0x38 Toogle_Led_Stm32f103CX.o

.debug_aranges  0x00000000       0x40
 .debug_aranges
                0x00000000       0x20 startup.o
 .debug_aranges
                0x00000020       0x20 Toogle_Led_Stm32f103CX.o

.debug_line     0x00000000      0x2ff
 .debug_line    0x00000000      0x190 startup.o
 .debug_line    0x00000190      0x16f Toogle_Led_Stm32f103CX.o

.debug_str      0x00000000      0x217
 .debug_str     0x00000000      0x1a7 startup.o
                                0x1e9 (size before relaxing)
 .debug_str     0x000001a7       0x70 Toogle_Led_Stm32f103CX.o
                                0x1cd (size before relaxing)

.comment        0x00000000       0x49
 .comment       0x00000000       0x49 startup.o
                                 0x4a (size before relaxing)
 .comment       0x00000049       0x4a Toogle_Led_Stm32f103CX.o

.ARM.attributes
                0x00000000       0x2d
 .ARM.attributes
                0x00000000       0x2d startup.o
 .ARM.attributes
                0x0000002d       0x2d Toogle_Led_Stm32f103CX.o

.debug_frame    0x00000000       0x7c
 .debug_frame   0x00000000       0x50 startup.o
 .debug_frame   0x00000050       0x2c Toogle_Led_Stm32f103CX.o
